// Jest Snapshot v1, https://goo.gl/fbAQLP

exports[`<HomePage /> should render and match the snapshot 1`] = `
<section>
  <h1>
    <span>
      This is the HomePage container!
    </span>
    <a
      href="/test"
    >
      hai
    </a>
    <a
      href="/sdfafasd"
    >
      hai2
    </a>
  </h1>
  <input
    name="team-name"
    placeholder="Team name"
    value=""
  />
  <ul />
  <button
    type="button"
  >
    Add player
  </button>
</section>
`;
